sheba@Shebas-MBP CPR101NAA_BB05 % git init
Reinitialized existing Git repository in /Users/sheba/CPR101NAA_BB05/.git/
sheba@Shebas-MBP CPR101NAA_BB05 % git add .
sheba@Shebas-MBP CPR101NAA_BB05 % git commit -m 
error: switch `m' requires a value
sheba@Shebas-MBP CPR101NAA_BB05 % git commit -m ".c Fundamentals Submission"
[main 80c84d5] .c Fundamentals Submission
 Committer: Sheba <sheba@Shebas-MBP.hitronhub.home>
Your name and email address were configured automatically based
on your username and hostname. Please check that they are accurate.
You can suppress this message by setting them explicitly:

    git config --global user.name "Your Name"
    git config --global user.email you@example.com

After doing this, you may fix the identity used for this commit with:

    git commit --amend --reset-author

 2 files changed, 38 insertions(+), 26 deletions(-)
 rewrite V3/converting_git_log.txt (99%)
sheba@Shebas-MBP CPR101NAA_BB05 % git push
Enumerating objects: 9, done.
Counting objects: 100% (9/9), done.
Delta compression using up to 8 threads
Compressing objects: 100% (5/5), done.
Writing objects: 100% (5/5), 1.18 KiB | 1.18 MiB/s, done.
Total 5 (delta 3), reused 0 (delta 0)
remote: Resolving deltas: 100% (3/3), completed with 3 local objects.
remote: This repository moved. Please use the new location:
remote:   https://github.com/shebabirhanu/CPR101NAA_BB05.git
To https://github.com/shebadigital/CPR101NAA_BB05.git
   b4cec2b..80c84d5  main -> main